// Jest Snapshot v1, https://goo.gl/fbAQLP

exports[`Test Render JobCard JobCard matches snapshot 1`] = `[Function]`;

exports[`Test Render TimelineCard TimelineCard matches snapshot 1`] = `[Function]`;
